<?xml version="1.0" encoding="UTF-8"?>
<testng-results ignored="1" total="5" passed="4" failed="0" skipped="0">
  <reporter-output>
  </reporter-output>
  <suite started-at="2024-07-21T03:57:57 IST" name="QTrip API Testing" finished-at="2024-07-21T03:58:12 IST" duration-ms="15267">
    <groups>
      <group name="API Tests">
        <method signature="testCase_API_01.TestCase01()[pri:0, instance:qtriptest.APITests.testCase_API_01@2a8448fa]" name="TestCase01" class="qtriptest.APITests.testCase_API_01"/>
        <method signature="testCase_API_02.TestCase02()[pri:0, instance:qtriptest.APITests.testCase_API_02@5b38c1ec]" name="TestCase02" class="qtriptest.APITests.testCase_API_02"/>
        <method signature="testCase_API_03.TestCase03()[pri:0, instance:qtriptest.APITests.testCase_API_03@338fc1d8]" name="TestCase03" class="qtriptest.APITests.testCase_API_03"/>
        <method signature="testCase_API_04.TestCase04()[pri:0, instance:qtriptest.APITests.testCase_API_04@4722ef0c]" name="TestCase04" class="qtriptest.APITests.testCase_API_04"/>
      </group> <!-- API Tests -->
    </groups>
    <test started-at="2024-07-21T03:57:57 IST" name="QTrip API" finished-at="2024-07-21T03:58:12 IST" duration-ms="15267">
      <class name="qtriptest.APITests.testCase_API_01">
        <test-method signature="TestCase01()[pri:0, instance:qtriptest.APITests.testCase_API_01@2a8448fa]" started-at="2024-07-21T03:57:57 IST" name="TestCase01" finished-at="2024-07-21T03:58:03 IST" duration-ms="5409" status="PASS">
          <reporter-output>
          </reporter-output>
        </test-method> <!-- TestCase01 -->
      </class> <!-- qtriptest.APITests.testCase_API_01 -->
      <class name="qtriptest.APITests.testCase_API_02">
        <test-method signature="TestCase02()[pri:0, instance:qtriptest.APITests.testCase_API_02@5b38c1ec]" started-at="2024-07-21T03:58:03 IST" name="TestCase02" finished-at="2024-07-21T03:58:05 IST" duration-ms="2197" status="PASS">
          <reporter-output>
          </reporter-output>
        </test-method> <!-- TestCase02 -->
      </class> <!-- qtriptest.APITests.testCase_API_02 -->
      <class name="qtriptest.APITests.testCase_API_03">
        <test-method signature="TestCase03()[pri:0, instance:qtriptest.APITests.testCase_API_03@338fc1d8]" started-at="2024-07-21T03:58:05 IST" name="TestCase03" finished-at="2024-07-21T03:58:10 IST" duration-ms="5211" status="PASS">
          <reporter-output>
          </reporter-output>
        </test-method> <!-- TestCase03 -->
      </class> <!-- qtriptest.APITests.testCase_API_03 -->
      <class name="qtriptest.APITests.testCase_API_04">
        <test-method signature="TestCase04()[pri:0, instance:qtriptest.APITests.testCase_API_04@4722ef0c]" started-at="2024-07-21T03:58:10 IST" name="TestCase04" finished-at="2024-07-21T03:58:12 IST" duration-ms="2350" status="PASS">
          <reporter-output>
          </reporter-output>
        </test-method> <!-- TestCase04 -->
      </class> <!-- qtriptest.APITests.testCase_API_04 -->
    </test> <!-- QTrip API -->
  </suite> <!-- QTrip API Testing -->
</testng-results>
